################################################################################
#                                                                              #
#      IAR Universal Linker V6.5.1.95                                          #
#                                                                              #
#           Link time     =  11/May/2023  23:09:52                             #
#           Target CPU    =  MSP430                                            #
#           List file     =  D:\Study\HK2_3\Microcontroller\DoAn\projectdoan\D #
#                            ebug\List\doan.map                                #
#           Output file 1 =  D:\Study\HK2_3\Microcontroller\DoAn\projectdoan\D #
#                            ebug\Exe\doan.d43                                 #
#                            Format: ubrof10                                   #
#                            UBROF version 10.0.6                              #
#                            Using library modules for C-SPY (-rt)             #
#           Command line  =  -f C:\Users\nlaki\AppData\Local\Temp\EW1C70.tmp   #
#                            (D:\Study\HK2_3\Microcontroller\DoAn\projectdoan\ #
#                            Debug\Obj\main.r43                                #
#                            -o                                                #
#                            D:\Study\HK2_3\Microcontroller\DoAn\projectdoan\D #
#                            ebug\Exe\doan.d43                                 #
#                            -l                                                #
#                            D:\Study\HK2_3\Microcontroller\DoAn\projectdoan\D #
#                            ebug\List\doan.map                                #
#                            -xms -ID:\AppStudy\IAR\App\430\LIB\ -f            #
#                            D:\AppStudy\IAR\App\430\config\linker\lnk430g2553 #
#                            .xcl                                              #
#                            (-cmsp430 -QCODE_I=CODE_ID -QTLS16_I=TLS16_ID     #
#                            -Z(CONST)INFO=1000-10FF                           #
#                            -Z(CONST)INFOA=10C0-10FF                          #
#                            -Z(CONST)INFOB=1080-10BF                          #
#                            -Z(CONST)INFOC=1040-107F                          #
#                            -Z(CONST)INFOD=1000-103F                          #
#                            -Z(DATA)DATA16_I,DATA16_Z,DATA16_N,TLS16_I=0200-0 #
#                            3FF                                               #
#                            -Z(DATA)DATA16_HEAP+_DATA16_HEAP_SIZE             #
#                            -Z(DATA)CODE_I -Z(DATA)CSTACK+_STACK_SIZE#        #
#                            -Z(CONST)DATA16_C,DATA16_ID,TLS16_ID,DIFUNCT,CHEC #
#                            KSUM=C000-FFDD                                    #
#                            -Z(CODE)CSTART,ISR_CODE,CODE_ID=C000-FFDD         #
#                            -P(CODE)CODE=C000-FFDD                            #
#                            -Z(CONST)SIGNATURE=FFDE-FFDF                      #
#                            -Z(CODE)INTVEC=FFE0-FFFF                          #
#                            -Z(CODE)RESET=FFFE-FFFF) -D_STACK_SIZE=50 -rt     #
#                            D:\AppStudy\IAR\App\430\lib\clib\cl430f.r43       #
#                            -e_large_write=_formatted_write                   #
#                            -e_large_read=_formatted_read                     #
#                            -D_DATA16_HEAP_SIZE=50 -s __program_start         #
#                            -D_DATA20_HEAP_SIZE=50)                           #
#                                                                              #
#                           Copyright (C) 1987-2016 IAR Systems AB.            #
################################################################################





                ****************************************
                *                                      *
                *           CROSS REFERENCE            *
                *                                      *
                ****************************************

       Program entry at :           C014  Relocatable, from module : ?cstart




                ****************************************
                *                                      *
                *            RUNTIME MODEL             *
                *                                      *
                ****************************************

  __SystemLibrary = CLib
  __core          = 430
  __double_size   = 32
  __pic           = no
  __reg_r4        = free
  __reg_r5        = free
  __rt_version    = 3

                ****************************************
                *                                      *
                *    AUTOMATIC SYMBOL REDIRECTIONS     *
                *                                      *
                ****************************************

                  There are no automatic symbol redirections.



                ****************************************
                *                                      *
                *              MODULE MAP              *
                *                                      *
                ****************************************


  DEFINED ABSOLUTE ENTRIES
    *************************************************************************

  DEFINED ABSOLUTE ENTRIES
  PROGRAM MODULE, NAME : ?ABS_ENTRY_MOD

Absolute parts
           ENTRY                   ADDRESS         REF BY
           =====                   =======         ======
           _DATA20_HEAP_SIZE       0050 
           _DATA16_HEAP_SIZE       0050 
           _STACK_SIZE             0050 
    *************************************************************************

  FILE NAME : D:\Study\HK2_3\Microcontroller\DoAn\projectdoan\Debug\Obj\main.r43
  PROGRAM MODULE, NAME : main

  SEGMENTS IN THE MODULE
  ======================
DATA16_AN
  Relative segment, address: 004A - 004A (0x1 bytes), align: 0
  Segment part 1. ROOT        Intra module refs:   main
           ENTRY                   ADDRESS         REF BY
           =====                   =======         ======
           ADC10AE0                004A 
    -------------------------------------------------------------------------
DATA16_AN
  Relative segment, address: 01B0 - 01B1 (0x2 bytes), align: 0
  Segment part 2. ROOT        Intra module refs:   GetADC
                                                   main
           ENTRY                   ADDRESS         REF BY
           =====                   =======         ======
           _A_ADC10CTL0            01B0 
           LOCAL                   ADDRESS         
           =====                   =======         
           ADC10CTL0               01B0 
           ADC10CTL0_bit           01B0 
    -------------------------------------------------------------------------
DATA16_AN
  Relative segment, address: 01B2 - 01B3 (0x2 bytes), align: 0
  Segment part 3. ROOT        Intra module refs:   GetADC
                                                   main
           ENTRY                   ADDRESS         REF BY
           =====                   =======         ======
           _A_ADC10CTL1            01B2 
           LOCAL                   ADDRESS         
           =====                   =======         
           ADC10CTL1               01B2 
           ADC10CTL1_bit           01B2 
    -------------------------------------------------------------------------
DATA16_AN
  Relative segment, address: 01B4 - 01B5 (0x2 bytes), align: 0
  Segment part 4. ROOT        Intra module refs:   GetADC
           ENTRY                   ADDRESS         REF BY
           =====                   =======         ======
           ADC10MEM                01B4 
    -------------------------------------------------------------------------
DATA16_AN
  Relative segment, address: 0020 - 0020 (0x1 bytes), align: 0
  Segment part 5. ROOT        Intra module refs:   main
           ENTRY                   ADDRESS         REF BY
           =====                   =======         ======
           _A_P1IN                 0020 
           LOCAL                   ADDRESS         
           =====                   =======         
           P1IN                    0020 
           P1IN_bit                0020 
    -------------------------------------------------------------------------
DATA16_AN
  Relative segment, address: 0021 - 0021 (0x1 bytes), align: 0
  Segment part 6. ROOT        Intra module refs:   importIC
                                                   main
                                                   scanled
           ENTRY                   ADDRESS         REF BY
           =====                   =======         ======
           _A_P1OUT                0021 
           LOCAL                   ADDRESS         
           =====                   =======         
           P1OUT                   0021 
           P1OUT_bit               0021 
    -------------------------------------------------------------------------
DATA16_AN
  Relative segment, address: 0022 - 0022 (0x1 bytes), align: 0
  Segment part 7. ROOT        Intra module refs:   main
           ENTRY                   ADDRESS         REF BY
           =====                   =======         ======
           _A_P1DIR                0022 
           LOCAL                   ADDRESS         
           =====                   =======         
           P1DIR                   0022 
           P1DIR_bit               0022 
    -------------------------------------------------------------------------
DATA16_AN
  Relative segment, address: 0026 - 0026 (0x1 bytes), align: 0
  Segment part 8. ROOT        Intra module refs:   main
           ENTRY                   ADDRESS         REF BY
           =====                   =======         ======
           _A_P1SEL                0026 
           LOCAL                   ADDRESS         
           =====                   =======         
           P1SEL                   0026 
           P1SEL_bit               0026 
    -------------------------------------------------------------------------
DATA16_AN
  Relative segment, address: 0027 - 0027 (0x1 bytes), align: 0
  Segment part 9. ROOT        Intra module refs:   main
           ENTRY                   ADDRESS         REF BY
           =====                   =======         ======
           _A_P1REN                0027 
           LOCAL                   ADDRESS         
           =====                   =======         
           P1REN                   0027 
           P1REN_bit               0027 
    -------------------------------------------------------------------------
DATA16_AN
  Relative segment, address: 0028 - 0028 (0x1 bytes), align: 0
  Segment part 10. ROOT       Intra module refs:   main
           ENTRY                   ADDRESS         REF BY
           =====                   =======         ======
           _A_P2IN                 0028 
           LOCAL                   ADDRESS         
           =====                   =======         
           P2IN                    0028 
           P2IN_bit                0028 
    -------------------------------------------------------------------------
DATA16_AN
  Relative segment, address: 0029 - 0029 (0x1 bytes), align: 0
  Segment part 11. ROOT       Intra module refs:   importIC
                                                   main
           ENTRY                   ADDRESS         REF BY
           =====                   =======         ======
           _A_P2OUT                0029 
           LOCAL                   ADDRESS         
           =====                   =======         
           P2OUT                   0029 
           P2OUT_bit               0029 
    -------------------------------------------------------------------------
DATA16_AN
  Relative segment, address: 002A - 002A (0x1 bytes), align: 0
  Segment part 12. ROOT       Intra module refs:   main
           ENTRY                   ADDRESS         REF BY
           =====                   =======         ======
           _A_P2DIR                002A 
           LOCAL                   ADDRESS         
           =====                   =======         
           P2DIR                   002A 
           P2DIR_bit               002A 
    -------------------------------------------------------------------------
DATA16_AN
  Relative segment, address: 002E - 002E (0x1 bytes), align: 0
  Segment part 13. ROOT       Intra module refs:   main
           ENTRY                   ADDRESS         REF BY
           =====                   =======         ======
           _A_P2SEL                002E 
           LOCAL                   ADDRESS         
           =====                   =======         
           P2SEL                   002E 
           P2SEL_bit               002E 
    -------------------------------------------------------------------------
DATA16_AN
  Relative segment, address: 002F - 002F (0x1 bytes), align: 0
  Segment part 14. ROOT       Intra module refs:   main
           ENTRY                   ADDRESS         REF BY
           =====                   =======         ======
           _A_P2REN                002F 
           LOCAL                   ADDRESS         
           =====                   =======         
           P2REN                   002F 
           P2REN_bit               002F 
    -------------------------------------------------------------------------
DATA16_AN
  Relative segment, address: 0160 - 0161 (0x2 bytes), align: 0
  Segment part 15. ROOT       Intra module refs:   main
           ENTRY                   ADDRESS         REF BY
           =====                   =======         ======
           _A_TA0CTL               0160 
           LOCAL                   ADDRESS         
           =====                   =======         
           TA0CTL                  0160 
           TA0CTL_bit              0160 
    -------------------------------------------------------------------------
DATA16_AN
  Relative segment, address: 0164 - 0165 (0x2 bytes), align: 0
  Segment part 16. ROOT       Intra module refs:   main
           ENTRY                   ADDRESS         REF BY
           =====                   =======         ======
           _A_TA0CCTL1             0164 
           LOCAL                   ADDRESS         
           =====                   =======         
           TA0CCTL1                0164 
           TA0CCTL1_bit            0164 
    -------------------------------------------------------------------------
DATA16_AN
  Relative segment, address: 0172 - 0173 (0x2 bytes), align: 0
  Segment part 17. ROOT       Intra module refs:   main
           ENTRY                   ADDRESS         REF BY
           =====                   =======         ======
           TA0CCR0                 0172 
    -------------------------------------------------------------------------
DATA16_AN
  Relative segment, address: 0174 - 0175 (0x2 bytes), align: 0
  Segment part 18. ROOT       Intra module refs:   main
           ENTRY                   ADDRESS         REF BY
           =====                   =======         ======
           TA0CCR1                 0174 
    -------------------------------------------------------------------------
DATA16_AN
  Relative segment, address: 0180 - 0181 (0x2 bytes), align: 0
  Segment part 19. ROOT       Intra module refs:   main
           ENTRY                   ADDRESS         REF BY
           =====                   =======         ======
           _A_TA1CTL               0180 
           LOCAL                   ADDRESS         
           =====                   =======         
           TA1CTL                  0180 
           TA1CTL_bit              0180 
    -------------------------------------------------------------------------
DATA16_AN
  Relative segment, address: 0184 - 0185 (0x2 bytes), align: 0
  Segment part 20. ROOT       Intra module refs:   main
           ENTRY                   ADDRESS         REF BY
           =====                   =======         ======
           _A_TA1CCTL1             0184 
           LOCAL                   ADDRESS         
           =====                   =======         
           TA1CCTL1                0184 
           TA1CCTL1_bit            0184 
    -------------------------------------------------------------------------
DATA16_AN
  Relative segment, address: 0186 - 0187 (0x2 bytes), align: 0
  Segment part 21. ROOT       Intra module refs:   main
           ENTRY                   ADDRESS         REF BY
           =====                   =======         ======
           _A_TA1CCTL2             0186 
           LOCAL                   ADDRESS         
           =====                   =======         
           TA1CCTL2                0186 
           TA1CCTL2_bit            0186 
    -------------------------------------------------------------------------
DATA16_AN
  Relative segment, address: 0192 - 0193 (0x2 bytes), align: 0
  Segment part 22. ROOT       Intra module refs:   main
           ENTRY                   ADDRESS         REF BY
           =====                   =======         ======
           TA1CCR0                 0192 
    -------------------------------------------------------------------------
DATA16_AN
  Relative segment, address: 0194 - 0195 (0x2 bytes), align: 0
  Segment part 23. ROOT       Intra module refs:   main
           ENTRY                   ADDRESS         REF BY
           =====                   =======         ======
           TA1CCR1                 0194 
    -------------------------------------------------------------------------
DATA16_AN
  Relative segment, address: 0196 - 0197 (0x2 bytes), align: 0
  Segment part 24. ROOT       Intra module refs:   main
           ENTRY                   ADDRESS         REF BY
           =====                   =======         ======
           TA1CCR2                 0196 
    -------------------------------------------------------------------------
DATA16_AN
  Relative segment, address: 0120 - 0121 (0x2 bytes), align: 0
  Segment part 25. ROOT       Intra module refs:   main
           ENTRY                   ADDRESS         REF BY
           =====                   =======         ======
           _A_WDTCTL               0120 
           LOCAL                   ADDRESS         
           =====                   =======         
           WDTCTL                  0120 
           WDTCTL_bit              0120 
    -------------------------------------------------------------------------
<CODE> 1 (was CODE)
  Relative segment, address: C9C6 - CA05 (0x40 bytes), align: 1
  Segment part 45.            Intra module refs:   BLUE
                                                   Cycling
                                                   GREEN
                                                   RED
                                                   main
           ENTRY                   ADDRESS         REF BY
           =====                   =======         ======
           map                     C9C6 
               calls direct
    -------------------------------------------------------------------------
DATA16_Z
  Relative segment, address: 0214 - 0217 (0x4 bytes), align: 1
  Segment part 27.            Intra module refs:   Cycling
           ENTRY                   ADDRESS         REF BY
           =====                   =======         ======
           percent                 0214 
    -------------------------------------------------------------------------
DATA16_Z
  Relative segment, address: 0218 - 0219 (0x2 bytes), align: 1
  Segment part 29.            Intra module refs:   Cycling
                                                   RED
                                                   main
           ENTRY                   ADDRESS         REF BY
           =====                   =======         ======
           r                       0218 
    -------------------------------------------------------------------------
DATA16_Z
  Relative segment, address: 021A - 021B (0x2 bytes), align: 1
  Segment part 30.            Intra module refs:   Cycling
                                                   GREEN
                                                   main
           ENTRY                   ADDRESS         REF BY
           =====                   =======         ======
           g                       021A 
    -------------------------------------------------------------------------
DATA16_Z
  Relative segment, address: 021C - 021D (0x2 bytes), align: 1
  Segment part 31.            Intra module refs:   BLUE
                                                   Cycling
                                                   main
           ENTRY                   ADDRESS         REF BY
           =====                   =======         ======
           b                       021C 
    -------------------------------------------------------------------------
DATA16_I
  Relative segment, address: 0200 - 0203 (0x4 bytes), align: 1
  Segment part 32.            Intra module refs:   Cycling
           ENTRY                   ADDRESS         REF BY
           =====                   =======         ======
           Rpercent                0200 
    -------------------------------------------------------------------------
DATA16_Z
  Relative segment, address: 021E - 0221 (0x4 bytes), align: 1
  Segment part 34.            Intra module refs:   Cycling
           ENTRY                   ADDRESS         REF BY
           =====                   =======         ======
           Gpercent                021E 
    -------------------------------------------------------------------------
DATA16_Z
  Relative segment, address: 0222 - 0225 (0x4 bytes), align: 1
  Segment part 35.            Intra module refs:   Cycling
           ENTRY                   ADDRESS         REF BY
           =====                   =======         ======
           Bpercent                0222 
    -------------------------------------------------------------------------
DATA16_Z
  Relative segment, address: 0226 - 0227 (0x2 bytes), align: 1
  Segment part 36.            Intra module refs:   main
                                                   printled
           ENTRY                   ADDRESS         REF BY
           =====                   =======         ======
           st                      0226 
    -------------------------------------------------------------------------
<CODE> 1 (was CODE)
  Relative segment, address: CBC6 - CBD9 (0x14 bytes), align: 1
  Segment part 46.            Intra module refs:   BLUE
                                                   Cycling
                                                   GREEN
                                                   RED
                                                   main
           ENTRY                   ADDRESS         REF BY
           =====                   =======         ======
           GetADC                  CBC6 
               calls direct
    -------------------------------------------------------------------------
<CODE> 1 (was CODE)
  Relative segment, address: C03C - C263 (0x228 bytes), align: 1
  Segment part 47.            Intra module refs:   main
           ENTRY                   ADDRESS         REF BY
           =====                   =======         ======
           Cycling                 C03C 
               calls direct
    -------------------------------------------------------------------------
DATA16_I
  Relative segment, address: 0204 - 020E (0xb bytes), align: 0
  Segment part 39.            Intra module refs:   scanled
           ENTRY                   ADDRESS         REF BY
           =====                   =======         ======
           maled                   0204 
    -------------------------------------------------------------------------
DATA16_I
  Relative segment, address: 020F - 0212 (0x4 bytes), align: 0
  Segment part 41.            Intra module refs:   scanled
           ENTRY                   ADDRESS         REF BY
           =====                   =======         ======
           ctr                     020F 
    -------------------------------------------------------------------------
DATA16_Z
  Relative segment, address: 022A - 022D (0x4 bytes), align: 0
  Segment part 43.            Intra module refs:   printled
                                                   scanled
           ENTRY                   ADDRESS         REF BY
           =====                   =======         ======
           buff                    022A 
    -------------------------------------------------------------------------
DATA16_Z
  Relative segment, address: 0228 - 0229 (0x2 bytes), align: 1
  Segment part 44.            Intra module refs:   scanled
           ENTRY                   ADDRESS         REF BY
           =====                   =======         ======
           idx                     0228 
    -------------------------------------------------------------------------
<CODE> 1 (was CODE)
  Relative segment, address: CB06 - CB35 (0x30 bytes), align: 1
  Segment part 48.            Intra module refs:   scanled
           ENTRY                   ADDRESS         REF BY
           =====                   =======         ======
           importIC                CB06 
    -------------------------------------------------------------------------
<CODE> 1 (was CODE)
  Relative segment, address: C7F6 - C84F (0x5a bytes), align: 1
  Segment part 49.            Intra module refs:   main
           ENTRY                   ADDRESS         REF BY
           =====                   =======         ======
           scanled                 C7F6 
               calls direct
    -------------------------------------------------------------------------
<CODE> 1 (was CODE)
  Relative segment, address: C944 - C985 (0x42 bytes), align: 1
  Segment part 50.            Intra module refs:   BLUE
                                                   GREEN
                                                   RED
                                                   main
           ENTRY                   ADDRESS         REF BY
           =====                   =======         ======
           printled                C944 
               calls direct
    -------------------------------------------------------------------------
<CODE> 1 (was CODE)
  Relative segment, address: CAD4 - CB05 (0x32 bytes), align: 1
  Segment part 51.            Intra module refs:   main
           ENTRY                   ADDRESS         REF BY
           =====                   =======         ======
           RED                     CAD4 
               calls direct
    -------------------------------------------------------------------------
<CODE> 1 (was CODE)
  Relative segment, address: CA70 - CAA1 (0x32 bytes), align: 1
  Segment part 52.            Intra module refs:   main
           ENTRY                   ADDRESS         REF BY
           =====                   =======         ======
           GREEN                   CA70 
               calls direct
    -------------------------------------------------------------------------
<CODE> 1 (was CODE)
  Relative segment, address: CAA2 - CAD3 (0x32 bytes), align: 1
  Segment part 53.            Intra module refs:   main
           ENTRY                   ADDRESS         REF BY
           =====                   =======         ======
           BLUE                    CAA2 
               calls direct
    -------------------------------------------------------------------------
<CODE> 1 (was CODE)
  Relative segment, address: C3C8 - C523 (0x15c bytes), align: 1
  Segment part 54.
           ENTRY                   ADDRESS         REF BY
           =====                   =======         ======
           main                    C3C8            Segment part 19 (?cstart)
               calls direct
    -------------------------------------------------------------------------
DATA16_ID
  Relative segment, address: C000 - C003 (0x4 bytes), align: 1
  Segment part 33.            Intra module refs:   Rpercent
    -------------------------------------------------------------------------
DATA16_ID
  Relative segment, address: C004 - C00E (0xb bytes), align: 0
  Segment part 40.            Intra module refs:   maled
    -------------------------------------------------------------------------
DATA16_ID
  Relative segment, address: C00F - C012 (0x4 bytes), align: 0
  Segment part 42.            Intra module refs:   ctr

    *************************************************************************

  FILE NAME : D:\AppStudy\IAR\App\430\lib\clib\cl430f.r43
  LIBRARY MODULE, NAME : ?_exit

  SEGMENTS IN THE MODULE
  ======================
<CODE> 1 (was CODE)
  Relative segment, address: CBFC, align: 1
  Segment part 0.
           ENTRY                   ADDRESS         REF BY
           =====                   =======         ======
           _exit                   CBFC            exit (?clibexit)
    -------------------------------------------------------------------------
<CODE> 1 (was CODE)
  Relative segment, address: CBFC - CBFF (0x4 bytes), align: 1
  Segment part 6.             Intra module refs:   _exit

    -------------------------------------------------------------------------
  LIBRARY MODULE, NAME : ?clibexit

  SEGMENTS IN THE MODULE
  ======================
<CODE> 1 (was CODE)
  Relative segment, address: CBF4 - CBF7 (0x4 bytes), align: 1
  Segment part 2.
           ENTRY                   ADDRESS         REF BY
           =====                   =======         ======
           exit                    CBF4            Segment part 19 (?cstart)
               calls direct

    -------------------------------------------------------------------------
  LIBRARY MODULE, NAME : ?__exit

  SEGMENTS IN THE MODULE
  ======================
<CODE> 1 (was CODE)
  Relative segment, address: CC00 - CC01 (0x2 bytes), align: 1
  Segment part 0.
           ENTRY                   ADDRESS         REF BY
           =====                   =======         ======
           __exit                  CC00            Segment part 6 (?_exit)
                                                   _exit (?_exit)
           ?C_EXIT                 CC00 

    -------------------------------------------------------------------------
  LIBRARY MODULE, NAME : ?cstart

  SEGMENTS IN THE MODULE
  ======================
CSTACK
  Relative segment, address: 03B0, align: 1
  Segment part 1.
    -------------------------------------------------------------------------
DATA16_Z
  Relative segment, address: 022A, align: 1
  Segment part 2.
    -------------------------------------------------------------------------
DATA16_I
  Relative segment, address: 0204, align: 1
  Segment part 3.
    -------------------------------------------------------------------------
DATA16_ID
  Relative segment, address: C004, align: 1
  Segment part 4.
    -------------------------------------------------------------------------
CSTART
  Relative segment, address: C014 - C017 (0x4 bytes), align: 1
  Segment part 9.
           ENTRY                   ADDRESS         REF BY
           =====                   =======         ======
           __program_start         C014            ?reset_vector (?reset_vector)
                                                   Absolute parts (?ABS_ENTRY_MOD)
           ?cstart_begin           C014 
    -------------------------------------------------------------------------
CSTART
  Relative segment, address: C018 - C023 (0xc bytes), align: 1
  Segment part 14.
           ENTRY                   ADDRESS         REF BY
           =====                   =======         ======
           ?cstart_init_zero       C018            Bpercent (main)
                                                   Gpercent (main)
                                                   b (main)
                                                   buff (main)
                                                   g (main)
                                                   idx (main)
                                                   percent (main)
                                                   r (main)
                                                   st (main)
    -------------------------------------------------------------------------
CSTART
  Relative segment, address: C024 - C033 (0x10 bytes), align: 1
  Segment part 15.
           ENTRY                   ADDRESS         REF BY
           =====                   =======         ======
           ?cstart_init_copy       C024            Rpercent (main)
                                                   ctr (main)
                                                   maled (main)
    -------------------------------------------------------------------------
CSTART
  Relative segment, address: C034 - C03B (0x8 bytes), align: 1
  Segment part 19.            Intra module refs:   Segment part 9
           ENTRY                   ADDRESS         REF BY
           =====                   =======         ======
           ?cstart_call_main       C034 
           ?cstart_end             C03C 

    -------------------------------------------------------------------------
  LIBRARY MODULE, NAME : ?reset_vector

  SEGMENTS IN THE MODULE
  ======================
RESET
  Relative segment, address: FFFE - FFFF (0x2 bytes), align: 1
  Segment part 0.
           ENTRY                   ADDRESS         REF BY
           =====                   =======         ======
           ?reset_vector           FFFE            Segment part 9 (?cstart)

    -------------------------------------------------------------------------
  LIBRARY MODULE, NAME : ?Epilogue

  SEGMENTS IN THE MODULE
  ======================
<CODE> 1 (was CODE)
  Relative segment, address: CBEA - CBEB (0x2 bytes), align: 1
  Segment part 4.
           ENTRY                   ADDRESS         REF BY
           =====                   =======         ======
           ?Epilogue4              CBEA            map (main)
    -------------------------------------------------------------------------
<CODE> 1 (was CODE)
  Relative segment, address: CBEC - CBF3 (0x8 bytes), align: 1
  Segment part 5.             Intra module refs:   ?Epilogue4
           ENTRY                   ADDRESS         REF BY
           =====                   =======         ======
           ?Epilogue3              CBEC 

    -------------------------------------------------------------------------
  LIBRARY MODULE, NAME : ?Cast32f32i

  SEGMENTS IN THE MODULE
  ======================
<CODE> 1 (was CODE)
  Relative segment, address: C764 - C777 (0x14 bytes), align: 1
  Segment part 0.
           ENTRY                   ADDRESS         REF BY
           =====                   =======         ======
           _Cast32sto32f           C764            Cycling (main)
    -------------------------------------------------------------------------
<CODE> 1 (was CODE)
  Relative segment, address: C778 - C7F5 (0x7e bytes), align: 1
  Segment part 1.             Intra module refs:   _Cast32sto32f
           ENTRY                   ADDRESS         REF BY
           =====                   =======         ======
           _Cast32uto32f           C778            GetADC (main)

    -------------------------------------------------------------------------
  LIBRARY MODULE, NAME : _Cast32fto32s

  SEGMENTS IN THE MODULE
  ======================
<CODE> 1 (was CODE)
  Relative segment, address: CA3E - CA6F (0x32 bytes), align: 1
  Segment part 0.
           ENTRY                   ADDRESS         REF BY
           =====                   =======         ======
           _Cast32fto32s           CA3E            BLUE (main)
                                                   Cycling (main)
                                                   GREEN (main)
                                                   RED (main)
                                                   main (main)

    -------------------------------------------------------------------------
  LIBRARY MODULE, NAME : ?FLT_Extract

  SEGMENTS IN THE MODULE
  ======================
<CODE> 1 (was CODE)
  Relative segment, address: C8F8 - C943 (0x4c bytes), align: 1
  Segment part 0.
           ENTRY                   ADDRESS         REF BY
           =====                   =======         ======
           ?FLT_Extract            C8F8            _Cast32fto32s (_Cast32fto32s)

    -------------------------------------------------------------------------
  LIBRARY MODULE, NAME : ?FLT_GE

  SEGMENTS IN THE MODULE
  ======================
<CODE> 1 (was CODE)
  Relative segment, address: C850 - C8A5 (0x56 bytes), align: 1
  Segment part 0.
           ENTRY                   ADDRESS         REF BY
           =====                   =======         ======
           ?FLT_GE                 C850            Cycling (main)

    -------------------------------------------------------------------------
  LIBRARY MODULE, NAME : ?FLT_LT

  SEGMENTS IN THE MODULE
  ======================
<CODE> 1 (was CODE)
  Relative segment, address: C8A6 - C8F7 (0x52 bytes), align: 1
  Segment part 0.
           ENTRY                   ADDRESS         REF BY
           =====                   =======         ======
           ?FLT_LT                 C8A6            Cycling (main)

    -------------------------------------------------------------------------
  LIBRARY MODULE, NAME : _Mul32f

  SEGMENTS IN THE MODULE
  ======================
<CODE> 1 (was CODE)
  Relative segment, address: C654 - C763 (0x110 bytes), align: 1
  Segment part 0.
           ENTRY                   ADDRESS         REF BY
           =====                   =======         ======
           _Mul32f                 C654            Cycling (main)

    -------------------------------------------------------------------------
  LIBRARY MODULE, NAME : _Div32f

  SEGMENTS IN THE MODULE
  ======================
<CODE> 1 (was CODE)
  Relative segment, address: C524 - C653 (0x130 bytes), align: 1
  Segment part 0.
           ENTRY                   ADDRESS         REF BY
           =====                   =======         ======
           _Div32f                 C524            Cycling (main)

    -------------------------------------------------------------------------
  LIBRARY MODULE, NAME : _Add32f

  SEGMENTS IN THE MODULE
  ======================
<CODE> 1 (was CODE)
  Relative segment, address: C264 - C267 (0x4 bytes), align: 1
  Segment part 0.
           ENTRY                   ADDRESS         REF BY
           =====                   =======         ======
           _Sub32f                 C264            Cycling (main)
    -------------------------------------------------------------------------
<CODE> 1 (was CODE)
  Relative segment, address: C268 - C3C7 (0x160 bytes), align: 1
  Segment part 1.             Intra module refs:   _Sub32f
           ENTRY                   ADDRESS         REF BY
           =====                   =======         ======
           _Add32f                 C268            Cycling (main)

    -------------------------------------------------------------------------
  LIBRARY MODULE, NAME : ?Mul32

  SEGMENTS IN THE MODULE
  ======================
<CODE> 1 (was CODE)
  Relative segment, address: CB36 - CB65 (0x30 bytes), align: 1
  Segment part 0.
           ENTRY                   ADDRESS         REF BY
           =====                   =======         ======
           ?Mul32                  CB36            map (main)

    -------------------------------------------------------------------------
  LIBRARY MODULE, NAME : ?DivMod816u

  SEGMENTS IN THE MODULE
  ======================
<CODE> 1 (was CODE)
  Relative segment, address: CB96 - CBAD (0x18 bytes), align: 1
  Segment part 1.
           ENTRY                   ADDRESS         REF BY
           =====                   =======         ======
           ?DivMod16u              CB96            ?DivMod16s (?DivMod816s)

    -------------------------------------------------------------------------
  LIBRARY MODULE, NAME : ?DivMod816s

  SEGMENTS IN THE MODULE
  ======================
<CODE> 1 (was CODE)
  Relative segment, address: CB66 - CB95 (0x30 bytes), align: 1
  Segment part 1.
           ENTRY                   ADDRESS         REF BY
           =====                   =======         ======
           ?DivMod16s              CB66            printled (main)

    -------------------------------------------------------------------------
  LIBRARY MODULE, NAME : ?DivMod32u

  SEGMENTS IN THE MODULE
  ======================
<CODE> 1 (was CODE)
  Relative segment, address: CA06 - CA3D (0x38 bytes), align: 1
  Segment part 0.
           ENTRY                   ADDRESS         REF BY
           =====                   =======         ======
           ?DivMod32u              CA06            ?DivMod32s (?DivMod32s)

    -------------------------------------------------------------------------
  LIBRARY MODULE, NAME : ?DivMod32s

  SEGMENTS IN THE MODULE
  ======================
<CODE> 1 (was CODE)
  Relative segment, address: C986 - C9C5 (0x40 bytes), align: 1
  Segment part 0.
           ENTRY                   ADDRESS         REF BY
           =====                   =======         ======
           ?DivMod32s              C986            map (main)

    -------------------------------------------------------------------------
  LIBRARY MODULE, NAME : ?memcpy

  SEGMENTS IN THE MODULE
  ======================
<CODE> 1 (was CODE)
  Relative segment, address: CBAE - CBC5 (0x18 bytes), align: 1
  Segment part 2.
           ENTRY                   ADDRESS         REF BY
           =====                   =======         ======
           memcpy                  CBAE            __data16_memcpy (?memzero)

    -------------------------------------------------------------------------
  LIBRARY MODULE, NAME : ?memzero

  SEGMENTS IN THE MODULE
  ======================
<CODE> 1 (was CODE)
  Relative segment, address: CBDA - CBE9 (0x10 bytes), align: 1
  Segment part 2.
           ENTRY                   ADDRESS         REF BY
           =====                   =======         ======
           __data16_memzero        CBDA            ?cstart_init_zero (?cstart)
    -------------------------------------------------------------------------
<CODE> 1 (was CODE)
  Relative segment, address: CBF8 - CBFB (0x4 bytes), align: 1
  Segment part 3.
           ENTRY                   ADDRESS         REF BY
           =====                   =======         ======
           __data16_memcpy         CBF8            ?cstart_init_copy (?cstart)
               calls direct




                ****************************************
                *                                      *
                *      SEGMENTS IN ADDRESS ORDER       *
                *                                      *
                ****************************************


SEGMENT              SPACE    START ADDRESS   END ADDRESS     SIZE  TYPE  ALIGN
=======              =====    =============   ===========     ====  ====  =====
DATA16_AN                              0020 - 0022               3   rel    0
                                       0026 - 002A               5 
                                       002E - 002F               2 
                                       004A - 004A               1 
                                       0120 - 0121               2 
                                       0160 - 0161               2 
                                       0164 - 0165               2 
                                       0172 - 0175               4 
                                       0180 - 0181               2 
                                       0184 - 0187               4 
                                       0192 - 0197               6 
                                       01B0 - 01B5               6 
DATA16_I                               0200 - 0212              13   rel    1
DATA16_Z                               0214 - 022D              1A   rel    1
CSTACK                                 03B0 - 03FF              50   rel    1
DATA16_C                                  C000                       dse    0
DATA16_ID                              C000 - C012              13   rel    1
CSTART                                 C014 - C03B              28   rel    1
<CODE> 1                               C03C - CC01             BC6   rel    1
RESET                                  FFFE - FFFF               2   rel    1

                ****************************************
                *                                      *
                *        END OF CROSS REFERENCE        *
                *                                      *
                ****************************************

 3 056 bytes of CODE  memory
   125 bytes of DATA  memory (+ 39 absolute )
    19 bytes of CONST memory

Errors: none
Warnings: none

